// Jest Snapshot v1, https://goo.gl/fbAQLP

exports[`Button should render empty button correctly 1`] = `<ScaleButton />`;

exports[`Button should render special styles 1`] = `ReactWrapper {}`;

exports[`Button should render special styles 2`] = `
<ScaleButton
  loading={true}
>
  button
</ScaleButton>
`;
